Microchip MPLAB XC8 Compiler V2.45

Linker command line:

-W-3 \
  --edf=C:/Users/79972/.mchp_packs/Microchip/PIC12-16F1xxx_DFP/1.7.242/xc8\pic\dat\20230907200743_en.msgs \
  -cn -h+dist/default/production\PIC16F676-GXHT30-RS485.X.production.sym \
  --cmf=dist/default/production\PIC16F676-GXHT30-RS485.X.production.cmf -z \
  -Q12F1840 -oC:\Users\79972\AppData\Local\Temp\xcAshck.\driver_tmp_3.o \
  --defsym=__MPLAB_BUILD=1 --fixupoverflow=error \
  -Mdist/default/production/PIC16F676-GXHT30-RS485.X.production.map \
  --md=C:\Users\79972\AppData\Local\Temp\xcAshck.\driver_tmp_0.dat -E1 \
  -ver=XC8 Compiler --acfsm=1493 -ACODE=00h-07FFhx2 -ASTRCODE=00h-0FFFh \
  -ASTRING=00h-0FFhx16 -ACONST=00h-0FFhx16 -AENTRY=00h-0FFhx16 \
  -ACOMMON=070h-07Fh -ABANK0=020h-06Fh -ABANK1=0A0h-0EFh \
  -ABANK2=0120h-016Fh -ABIGRAM=02000h-020EFh \
  -ARAM=020h-06Fh,0A0h-0EFh,0120h-016Fh \
  -AABS1=020h-07Fh,0A0h-0EFh,0120h-016Fh -ASFR0=00h-01Fh -ASFR1=080h-09Fh \
  -ASFR2=0100h-011Fh -ASFR3=0180h-01EFh -ASFR4=0200h-026Fh \
  -ASFR5=0280h-02EFh -ASFR6=0300h-036Fh -ASFR7=0380h-03EFh \
  -ASFR8=0400h-046Fh -ASFR9=0480h-04EFh -ASFR10=0500h-056Fh \
  -ASFR11=0580h-05EFh -ASFR12=0600h-066Fh -ASFR13=0680h-06EFh \
  -ASFR14=0700h-076Fh -ASFR15=0780h-07EFh -ASFR16=0800h-086Fh \
  -ASFR17=0880h-08EFh -ASFR18=0900h-096Fh -ASFR19=0980h-09EFh \
  -ASFR20=0A00h-0A6Fh -ASFR21=0A80h-0AEFh -ASFR22=0B00h-0B6Fh \
  -ASFR23=0B80h-0BEFh -ASFR24=0C00h-0C6Fh -ASFR25=0C80h-0CEFh \
  -ASFR26=0D00h-0D6Fh -ASFR27=0D80h-0DEFh -ASFR28=0E00h-0E6Fh \
  -ASFR29=0E80h-0EEFh -ASFR30=0F00h-0F6Fh -ASFR31=0F80h-0FEFh \
  -ACONFIG=08007h-08008h -DCONFIG=2 -AIDLOC=08000h-08003h -DIDLOC=2 \
  -AEEDATA=00h-0FFh/0F000h -peeprom_data=EEDATA -DEEDATA=2 -DCODE=2 \
  -DSTRCODE=2 -DSTRING=2 -DCONST=2 -DENTRY=2 \
  -preset_vec=00h,intentry,init,end_init -ppowerup=CODE -pcinit=CODE \
  -pfunctab=ENTRY -k \
  C:\Users\79972\AppData\Local\Temp\xcAshck.\driver_tmp_15.o \
  dist/default/production\PIC16F676-GXHT30-RS485.X.production.o 

Object code version is 3.11

Machine type is 12F1840



                Name                               Link     Load   Length Selector   Space Scale
C:\Users\79972\AppData\Local\Temp\xcAshck.\driver_tmp_15.o
                end_init                              2        2        2        0       0
                reset_vec                             0        0        2        0       0
                config                             8007     8007        2        0       4
dist/default/production\PIC16F676-GXHT30-RS485.X.production.o
                cinit                               7F5      7F5        B      FEA       0
                config                             8007     8007        2        0       4
                text20                              D5C      D5C       60     1AB8       0
                text19                              D09      D09       53     1A12       0
                text18                              CC0      CC0       49     1980       0
                text17                              BCE      BCE        C     179C       0
                text16                              BDA      BDA        C     17B4       0
                text15                              C89      C89       37     1912       0
                text14                              C60      C60       29     18C0       0
                text13                              BE6      BE6        F     17CC       0
                text12                              BF5      BF5        F     17EA       0
                text11                              C1A      C1A       23     1834       0
                text10                              3B2      3B2      208      764       0
                text9                               208      208      1AA      410       0
                text8                               C3D      C3D       23     187A       0
                text7                               5BA      5BA      23B      B74       0
                text6                               DBC      DBC       7C     1B78       0
                text5                               E38      E38       AA     1C70       0
                text4                                73       73      195       E6       0
                text3                                 C        C       67       18       0
                text2                                 5        5        7        A       0
                text1                               C04      C04       16     1808       0
                maintext                            EE2      EE2      11E     1DC4       0
                cstackBANK0                          20       20       50       20       1
                cstackCOMMON                         70       70        E       70       1
                cstackBANK1                          A0       A0       1B       A0       1
                clrtext                             BC8      BC8        6     1790       0
                bssBANK1                             BB       BB        E       A0       1

TOTAL           Name                               Link     Load   Length     Space
        CLASS   CODE           
                end_init                              2        2        2         0
                cinit                               7F5      7F5        B         0
                reset_vec                             0        0        2         0
                text20                              D5C      D5C       60         0
                text19                              D09      D09       53         0
                text18                              CC0      CC0       49         0
                text17                              BCE      BCE        C         0
                text16                              BDA      BDA        C         0
                text15                              C89      C89       37         0
                text14                              C60      C60       29         0
                text13                              BE6      BE6        F         0
                text12                              BF5      BF5        F         0
                text11                              C1A      C1A       23         0
                text10                              3B2      3B2      208         0
                text9                               208      208      1AA         0
                text8                               C3D      C3D       23         0
                text7                               5BA      5BA      23B         0
                text6                               DBC      DBC       7C         0
                text5                               E38      E38       AA         0
                text4                                73       73      195         0
                text3                                 C        C       67         0
                text2                                 5        5        7         0
                text1                               C04      C04       16         0
                maintext                            EE2      EE2      11E         0
                clrtext                             BC8      BC8        6         0

        CLASS   STRCODE        

        CLASS   STRING         

        CLASS   CONST          

        CLASS   ENTRY          

        CLASS   COMMON         
                cstackCOMMON                         70       70        E         1

        CLASS   BANK0          
                cstackBANK0                          20       20       50         1

        CLASS   BANK1          
                cstackBANK1                          A0       A0       1B         1
                bssBANK1                             BB       BB        E         1

        CLASS   BANK2          

        CLASS   BIGRAM         

        CLASS   RAM            

        CLASS   ABS1           
                abs_s1                               7E       7E        2         1

        CLASS   SFR0           

        CLASS   SFR1           

        CLASS   SFR2           

        CLASS   SFR3           

        CLASS   SFR4           

        CLASS   SFR5           

        CLASS   SFR6           

        CLASS   SFR7           

        CLASS   SFR8           

        CLASS   SFR9           

        CLASS   SFR10          

        CLASS   SFR11          

        CLASS   SFR12          

        CLASS   SFR13          

        CLASS   SFR14          

        CLASS   SFR15          

        CLASS   SFR16          

        CLASS   SFR17          

        CLASS   SFR18          

        CLASS   SFR19          

        CLASS   SFR20          

        CLASS   SFR21          

        CLASS   SFR22          

        CLASS   SFR23          

        CLASS   SFR24          

        CLASS   SFR25          

        CLASS   SFR26          

        CLASS   SFR27          

        CLASS   SFR28          

        CLASS   SFR29          

        CLASS   SFR30          

        CLASS   SFR31          

        CLASS   CONFIG         
                config                             8007     8007        2         4

        CLASS   IDLOC          

        CLASS   EEDATA         

        CLASS   BANK31         

        CLASS   BANK30         

        CLASS   BANK29         

        CLASS   BANK28         

        CLASS   BANK27         

        CLASS   BANK26         

        CLASS   BANK25         

        CLASS   BANK24         

        CLASS   BANK23         

        CLASS   BANK22         

        CLASS   BANK21         

        CLASS   BANK20         

        CLASS   BANK19         

        CLASS   BANK18         

        CLASS   BANK17         

        CLASS   BANK16         

        CLASS   BANK15         

        CLASS   BANK14         

        CLASS   BANK13         

        CLASS   BANK12         

        CLASS   BANK11         

        CLASS   BANK10         

        CLASS   BANK9          

        CLASS   BANK8          

        CLASS   BANK7          

        CLASS   BANK6          

        CLASS   BANK5          

        CLASS   BANK4          

        CLASS   BANK3          

        CLASS   HEAP           

        CLASS   STACK          



SEGMENTS        Name                           Load    Length   Top    Selector   Space  Class     Delta

                reset_vec                      000000  000004  000004         0       0  CODE        2
                text2                          000005  000007  00000C         A       0  CODE        2
                text3                          00000C  000067  000073        18       0  CODE        2
                cstackBANK0                    000020  000050  000070        20       1  BANK0       1
                cstackCOMMON                   000070  00000E  00007E        70       1  COMMON      1
                cstackBANK1                    0000A0  000029  0000C9        A0       1  BANK1       1
                text4                          000073  000195  000208        E6       0  CODE        2
                text9                          000208  0001AA  0003B2       410       0  CODE        2
                text10                         0003B2  000208  0005BA       764       0  CODE        2
                text7                          0005BA  00023B  0007F5       B74       0  CODE        2
                cinit                          0007F5  00000B  000800       FEA       0  CODE        2
                clrtext                        000BC8  000006  000BCE      1790       0  CODE        2
                text17                         000BCE  00000C  000BDA      179C       0  CODE        2
                text16                         000BDA  00000C  000BE6      17B4       0  CODE        2
                text13                         000BE6  00000F  000BF5      17CC       0  CODE        2
                text12                         000BF5  00000F  000C04      17EA       0  CODE        2
                text1                          000C04  000016  000C1A      1808       0  CODE        2
                text11                         000C1A  000023  000C3D      1834       0  CODE        2
                text8                          000C3D  000023  000C60      187A       0  CODE        2
                text14                         000C60  000029  000C89      18C0       0  CODE        2
                text15                         000C89  000037  000CC0      1912       0  CODE        2
                text18                         000CC0  000049  000D09      1980       0  CODE        2
                text19                         000D09  000053  000D5C      1A12       0  CODE        2
                text20                         000D5C  000060  000DBC      1AB8       0  CODE        2
                text6                          000DBC  00007C  000E38      1B78       0  CODE        2
                text5                          000E38  0000AA  000EE2      1C70       0  CODE        2
                maintext                       000EE2  00011E  001000      1DC4       0  CODE        2


UNUSED ADDRESS RANGES

        Name                Unused          Largest block    Delta
        BANK1            000C9-000EF              27           1
        BANK2            00120-0016F              50           1
        BIGRAM           02000-020EF              F0           1
        CODE             00004-00004               1           2
                         00800-00BC7             3C8
        CONST            00004-00004               1           2
                         00800-00BC7             100
        EEDATA           0F000-0F0FF             100           2
        ENTRY            00004-00004               1           2
                         00800-00BC7             100
        IDLOC            08000-08003               4           2
        RAM              000C9-000EF              27           1
                         00120-0016F              50
        SFR0             00000-0001F              20           1
        SFR1             00080-0009F              20           1
        SFR10            00500-0056F              70           1
        SFR11            00580-005EF              70           1
        SFR12            00600-0066F              70           1
        SFR13            00680-006EF              70           1
        SFR14            00700-0076F              70           1
        SFR15            00780-007EF              70           1
        SFR16            00800-0086F              70           1
        SFR17            00880-008EF              70           1
        SFR18            00900-0096F              70           1
        SFR19            00980-009EF              70           1
        SFR2             00100-0011F              20           1
        SFR20            00A00-00A6F              70           1
        SFR21            00A80-00AEF              70           1
        SFR22            00B00-00B6F              70           1
        SFR23            00B80-00BEF              70           1
        SFR24            00C00-00C6F              70           1
        SFR25            00C80-00CEF              70           1
        SFR26            00D00-00D6F              70           1
        SFR27            00D80-00DEF              70           1
        SFR28            00E00-00E6F              70           1
        SFR29            00E80-00EEF              70           1
        SFR3             00180-001EF              70           1
        SFR30            00F00-00F6F              70           1
        SFR31            00F80-00FEF              70           1
        SFR4             00200-0026F              70           1
        SFR5             00280-002EF              70           1
        SFR6             00300-0036F              70           1
        SFR7             00380-003EF              70           1
        SFR8             00400-0046F              70           1
        SFR9             00480-004EF              70           1
        STRCODE          00004-00004               1           2
                         00800-00BC7             3C8
        STRING           00004-00004               1           2
                         00800-00BC7             100

                                  Symbol Table

?__Umul8_16                 cstackCOMMON 00070
?___awdiv                   cstackCOMMON 00077
?___awmod                   cstackCOMMON 00070
?___fladd                   cstackBANK0  00054
?___fldiv                   cstackBANK0  0003A
?___flmul                   cstackBANK0  00020
?___fltol                   cstackBANK0  00068
?___xxtofl                  cstackCOMMON 00070
ASCII_TH@Value              cstackBANK0  00024
ASCII_TH@bit                cstackBANK0  00026
GXHT30_read_result@addr     cstackBANK1  000A4
GXHT30_read_result@buff     cstackBANK1  000A9
GXHT30_read_result@hum      cstackBANK1  000A7
GXHT30_read_result@tem      cstackBANK1  000A5
GXHT30_write_cmd@LSB        cstackCOMMON 00075
GXHT30_write_cmd@MSB        cstackCOMMON 00074
GXHT30_write_cmd@addr       cstackCOMMON 00078
IIC_ReadByte@ack            cstackCOMMON 00070
IIC_ReadByte@i              cstackCOMMON 00074
IIC_ReadByte@receive        cstackCOMMON 00073
IIC_SendByte@i              cstackCOMMON 00072
IIC_SendByte@txd            cstackCOMMON 00070
IIC_WAck@i                  cstackCOMMON 00071
_ANSELA                     (abs)        0018C
_APFCONbits                 (abs)        0011D
_ASCII_TH                   text18       00CC0
_BAUDCONbits                (abs)        0019F
_GXHT30_read_result         text4        00073
_GXHT30_read_result$953     cstackBANK1  000B5
_GXHT30_write_cmd           text3        0000C
_Humidity                   bssBANK1     000BF
_Humidity_Value             bssBANK1     000BB
_IIC_Ack                    text17       00BCE
_IIC_NAck                   text16       00BDA
_IIC_ReadByte               text15       00C89
_IIC_SendByte               text14       00C60
_IIC_Start                  text13       00BE6
_IIC_Stop                   text12       00BF5
_IIC_WAck                   text11       00C1A
_IIC_init                   text2        00005
_OSCCON                     (abs)        00099
_PORTAbits                  (abs)        0000C
_RCSTAbits                  (abs)        0019D
_SPBRG                      (abs)        0019B
_TRISAbits                  (abs)        0008C
_TXREG                      (abs)        0019A
_TXSTAbits                  (abs)        0019E
_Temperature                bssBANK1     000C1
_Temperature_Value          bssBANK1     000BD
__H__absolute__             __absolute__ 00000
__Habs1                     abs1         00000
__Hbank0                    bank0        00000
__Hbank1                    bank1        00000
__Hbank10                   bank10       00000
__Hbank11                   bank11       00000
__Hbank12                   bank12       00000
__Hbank13                   bank13       00000
__Hbank14                   bank14       00000
__Hbank15                   bank15       00000
__Hbank16                   bank16       00000
__Hbank17                   bank17       00000
__Hbank18                   bank18       00000
__Hbank19                   bank19       00000
__Hbank2                    bank2        00000
__Hbank20                   bank20       00000
__Hbank21                   bank21       00000
__Hbank22                   bank22       00000
__Hbank23                   bank23       00000
__Hbank24                   bank24       00000
__Hbank25                   bank25       00000
__Hbank26                   bank26       00000
__Hbank27                   bank27       00000
__Hbank28                   bank28       00000
__Hbank29                   bank29       00000
__Hbank3                    bank3        00000
__Hbank30                   bank30       00000
__Hbank31                   bank31       00000
__Hbank4                    bank4        00000
__Hbank5                    bank5        00000
__Hbank6                    bank6        00000
__Hbank7                    bank7        00000
__Hbank8                    bank8        00000
__Hbank9                    bank9        00000
__Hbigram                   bigram       00000
__HbssBANK1                 bssBANK1     00000
__Hcinit                    cinit        00800
__Hclrtext                  clrtext      00000
__Hcode                     code         00000
__Hcommon                   common       00000
__Hconfig                   config       08009
__HcstackBANK0              cstackBANK0  00000
__HcstackBANK1              cstackBANK1  00000
__HcstackCOMMON             cstackCOMMON 00000
__Heeprom_data              eeprom_data  00000
__Hend_init                 end_init     00004
__Hfunctab                  functab      00000
__Hheap                     heap         00000
__Hinit                     init         00002
__Hintentry                 intentry     00002
__Hmaintext                 maintext     00000
__Hpowerup                  powerup      00000
__Hram                      ram          00000
__Hreset_vec                reset_vec    00002
__Hsfr0                     sfr0         00000
__Hsfr1                     sfr1         00000
__Hsfr10                    sfr10        00000
__Hsfr11                    sfr11        00000
__Hsfr12                    sfr12        00000
__Hsfr13                    sfr13        00000
__Hsfr14                    sfr14        00000
__Hsfr15                    sfr15        00000
__Hsfr16                    sfr16        00000
__Hsfr17                    sfr17        00000
__Hsfr18                    sfr18        00000
__Hsfr19                    sfr19        00000
__Hsfr2                     sfr2         00000
__Hsfr20                    sfr20        00000
__Hsfr21                    sfr21        00000
__Hsfr22                    sfr22        00000
__Hsfr23                    sfr23        00000
__Hsfr24                    sfr24        00000
__Hsfr25                    sfr25        00000
__Hsfr26                    sfr26        00000
__Hsfr27                    sfr27        00000
__Hsfr28                    sfr28        00000
__Hsfr29                    sfr29        00000
__Hsfr3                     sfr3         00000
__Hsfr30                    sfr30        00000
__Hsfr31                    sfr31        00000
__Hsfr4                     sfr4         00000
__Hsfr5                     sfr5         00000
__Hsfr6                     sfr6         00000
__Hsfr7                     sfr7         00000
__Hsfr8                     sfr8         00000
__Hsfr9                     sfr9         00000
__Hspace_0                  (abs)        01000
__Hspace_1                  (abs)        000C9
__Hspace_2                  (abs)        00000
__Hspace_3                  (abs)        00000
__Hspace_4                  (abs)        10010
__Hstack                    stack        00000
__Hstrings                  strings      00000
__Htext                     text         00000
__L__absolute__             __absolute__ 00000
__Labs1                     abs1         00000
__Lbank0                    bank0        00000
__Lbank1                    bank1        00000
__Lbank10                   bank10       00000
__Lbank11                   bank11       00000
__Lbank12                   bank12       00000
__Lbank13                   bank13       00000
__Lbank14                   bank14       00000
__Lbank15                   bank15       00000
__Lbank16                   bank16       00000
__Lbank17                   bank17       00000
__Lbank18                   bank18       00000
__Lbank19                   bank19       00000
__Lbank2                    bank2        00000
__Lbank20                   bank20       00000
__Lbank21                   bank21       00000
__Lbank22                   bank22       00000
__Lbank23                   bank23       00000
__Lbank24                   bank24       00000
__Lbank25                   bank25       00000
__Lbank26                   bank26       00000
__Lbank27                   bank27       00000
__Lbank28                   bank28       00000
__Lbank29                   bank29       00000
__Lbank3                    bank3        00000
__Lbank30                   bank30       00000
__Lbank31                   bank31       00000
__Lbank4                    bank4        00000
__Lbank5                    bank5        00000
__Lbank6                    bank6        00000
__Lbank7                    bank7        00000
__Lbank8                    bank8        00000
__Lbank9                    bank9        00000
__Lbigram                   bigram       00000
__LbssBANK1                 bssBANK1     00000
__Lcinit                    cinit        007F5
__Lclrtext                  clrtext      00000
__Lcode                     code         00000
__Lcommon                   common       00000
__Lconfig                   config       00000
__LcstackBANK0              cstackBANK0  00000
__LcstackBANK1              cstackBANK1  00000
__LcstackCOMMON             cstackCOMMON 00000
__Leeprom_data              eeprom_data  00000
__Lend_init                 end_init     00002
__Lfunctab                  functab      00000
__Lheap                     heap         00000
__Linit                     init         00002
__Lintentry                 intentry     00002
__Lmaintext                 maintext     00000
__Lpowerup                  powerup      00000
__Lram                      ram          00000
__Lreset_vec                reset_vec    00000
__Lsfr0                     sfr0         00000
__Lsfr1                     sfr1         00000
__Lsfr10                    sfr10        00000
__Lsfr11                    sfr11        00000
__Lsfr12                    sfr12        00000
__Lsfr13                    sfr13        00000
__Lsfr14                    sfr14        00000
__Lsfr15                    sfr15        00000
__Lsfr16                    sfr16        00000
__Lsfr17                    sfr17        00000
__Lsfr18                    sfr18        00000
__Lsfr19                    sfr19        00000
__Lsfr2                     sfr2         00000
__Lsfr20                    sfr20        00000
__Lsfr21                    sfr21        00000
__Lsfr22                    sfr22        00000
__Lsfr23                    sfr23        00000
__Lsfr24                    sfr24        00000
__Lsfr25                    sfr25        00000
__Lsfr26                    sfr26        00000
__Lsfr27                    sfr27        00000
__Lsfr28                    sfr28        00000
__Lsfr29                    sfr29        00000
__Lsfr3                     sfr3         00000
__Lsfr30                    sfr30        00000
__Lsfr31                    sfr31        00000
__Lsfr4                     sfr4         00000
__Lsfr5                     sfr5         00000
__Lsfr6                     sfr6         00000
__Lsfr7                     sfr7         00000
__Lsfr8                     sfr8         00000
__Lsfr9                     sfr9         00000
__Lspace_0                  (abs)        00000
__Lspace_1                  (abs)        00000
__Lspace_2                  (abs)        00000
__Lspace_3                  (abs)        00000
__Lspace_4                  (abs)        00000
__Lstack                    stack        00000
__Lstrings                  strings      00000
__Ltext                     text         00000
__S0                        (abs)        01000
__S1                        (abs)        000C9
__S3                        (abs)        00000
__Umul8_16                  text8        00C3D
__Umul8_16@multiplicand     cstackCOMMON 00070
__Umul8_16@multiplier       cstackCOMMON 00078
__Umul8_16@product          cstackCOMMON 00074
__Umul8_16@word_mpld        cstackCOMMON 00076
___awdiv                    text20       00D5C
___awdiv@counter            cstackBANK0  00020
___awdiv@dividend           cstackCOMMON 00079
___awdiv@divisor            cstackCOMMON 00077
___awdiv@quotient           cstackBANK0  00022
___awdiv@sign               cstackBANK0  00021
___awmod                    text19       00D09
___awmod@counter            cstackCOMMON 00075
___awmod@dividend           cstackCOMMON 00072
___awmod@divisor            cstackCOMMON 00070
___awmod@sign               cstackCOMMON 00076
___fladd                    text10       003B2
___fladd@a                  cstackBANK0  00058
___fladd@aexp               cstackBANK0  00065
___fladd@b                  cstackBANK0  00054
___fladd@bexp               cstackBANK0  00066
___fladd@grs                cstackBANK0  00067
___fladd@signs              cstackBANK0  00064
___fldiv                    text9        00208
___fldiv@a                  cstackBANK0  0003A
___fldiv@aexp               cstackBANK0  00053
___fldiv@b                  cstackBANK0  0003E
___fldiv@bexp               cstackBANK0  00052
___fldiv@grs                cstackBANK0  0004E
___fldiv@new_exp            cstackBANK0  0004C
___fldiv@rem                cstackBANK0  00047
___fldiv@sign               cstackBANK0  0004B
___flmul                    text7        005BA
___flmul@a                  cstackBANK0  00024
___flmul@aexp               cstackBANK0  00032
___flmul@b                  cstackBANK0  00020
___flmul@bexp               cstackBANK0  00033
___flmul@grs                cstackBANK0  0002E
___flmul@prod               cstackBANK0  00034
___flmul@sign               cstackBANK0  0002D
___flmul@temp               cstackBANK0  00038
___fltol                    text6        00DBC
___fltol@exp1               cstackBANK1  000A1
___fltol@f1                 cstackBANK0  00068
___fltol@sign1              cstackBANK1  000A0
___heap_hi                  (abs)        00000
___heap_lo                  (abs)        00000
___int_sp                   stack        00000
___int_stack_hi             stack        00000
___int_stack_lo             stack        00000
___latbits                  (abs)        00001
___sp                       stack        00000
___stack_hi                 stack        00000
___stack_lo                 stack        00000
___stackhi                  (abs)        00000
___stacklo                  (abs)        00000
___xxtofl                   text5        00E38
___xxtofl@arg               cstackCOMMON 0007A
___xxtofl@exp               cstackCOMMON 00079
___xxtofl@sign              cstackCOMMON 00078
___xxtofl@val               cstackCOMMON 00070
__end_of_ASCII_TH           text18       00D09
__end_of_GXHT30_read_result text4        00208
__end_of_GXHT30_write_cmd   text3        00073
__end_of_IIC_Ack            text17       00BDA
__end_of_IIC_NAck           text16       00BE6
__end_of_IIC_ReadByte       text15       00CC0
__end_of_IIC_SendByte       text14       00C89
__end_of_IIC_Start          text13       00BF5
__end_of_IIC_Stop           text12       00C04
__end_of_IIC_WAck           text11       00C3D
__end_of_IIC_init           text2        0000C
__end_of__Umul8_16          text8        00C60
__end_of___awdiv            text20       00DBC
__end_of___awmod            text19       00D5C
__end_of___fladd            text10       005BA
__end_of___fldiv            text9        003B2
__end_of___flmul            text7        007F5
__end_of___fltol            text6        00E38
__end_of___xxtofl           text5        00EE2
__end_of__initialization    cinit        007FD
__end_of_main               maintext     01000
__end_of_main_init          text1        00C1A
__initialization            cinit        007F5
__pbssBANK1                 bssBANK1     000BB
__pcstackBANK0              cstackBANK0  00020
__pcstackBANK1              cstackBANK1  000A0
__pcstackCOMMON             cstackCOMMON 00070
__pmaintext                 maintext     00EE2
__ptext1                    text1        00C04
__ptext10                   text10       003B2
__ptext11                   text11       00C1A
__ptext12                   text12       00BF5
__ptext13                   text13       00BE6
__ptext14                   text14       00C60
__ptext15                   text15       00C89
__ptext16                   text16       00BDA
__ptext17                   text17       00BCE
__ptext18                   text18       00CC0
__ptext19                   text19       00D09
__ptext2                    text2        00005
__ptext20                   text20       00D5C
__ptext3                    text3        0000C
__ptext4                    text4        00073
__ptext5                    text5        00E38
__ptext6                    text6        00DBC
__ptext7                    text7        005BA
__ptext8                    text8        00C3D
__ptext9                    text9        00208
_hundred                    bssBANK1     000C6
_hundred1                   bssBANK1     000C3
_main                       maintext     00EE2
_main_init                  text1        00C04
_one                        bssBANK1     000C7
_one1                       bssBANK1     000C4
_ten                        bssBANK1     000C8
_ten1                       bssBANK1     000C5
btemp                       (abs)        0007E
clear_ram0                  clrtext      00BC8
end_of_initialization       cinit        007FD
intlevel0                   functab      00000
intlevel1                   functab      00000
intlevel2                   functab      00000
intlevel3                   functab      00000
intlevel4                   functab      00000
intlevel5                   functab      00000
reset_vec                   reset_vec    00000
start                       init         00002
start_initialization        cinit        007F5
wtemp0                      (abs)        0007E


MODULE INFORMATION

Module		Function		Class		Link	Load	Size
C:\XC8\pic\sources\c99\common\awmod.c
		___awmod       		CODE           	0D09	0000	83

C:\XC8\pic\sources\c99\common\awmod.c estimated size: 83

GXHT30.c
		_IIC_Stop      		CODE           	0BF5	0000	15
		_IIC_ReadByte  		CODE           	0C89	0000	55
		_IIC_SendByte  		CODE           	0C60	0000	41
		_IIC_Ack       		CODE           	0BCE	0000	12
		_IIC_NAck      		CODE           	0BDA	0000	12
		_IIC_Start     		CODE           	0BE6	0000	15
		_GXHT30_read_result		CODE           	0073	0000	405
		_IIC_init      		CODE           	0005	0000	7
		_GXHT30_write_cmd		CODE           	000C	0000	103
		_IIC_WAck      		CODE           	0C1A	0000	35

GXHT30.c estimated size: 700

C:\XC8\pic\sources\c99\common\sprcadd.c
		___fladd       		CODE           	03B2	0000	520

C:\XC8\pic\sources\c99\common\sprcadd.c estimated size: 520

C:\XC8\pic\sources\c99\common\awdiv.c
		___awdiv       		CODE           	0D5C	0000	96

C:\XC8\pic\sources\c99\common\awdiv.c estimated size: 96

C:\XC8\pic\sources\c99\common\fltol.c
		___fltol       		CODE           	0DBC	0000	124

C:\XC8\pic\sources\c99\common\fltol.c estimated size: 124

shared
		__initialization		CODE           	07F5	0000	8

shared estimated size: 8

MB1.c
		_main_init     		CODE           	0C04	0000	22

MB1.c estimated size: 22

C:\XC8\pic\sources\c99\common\sprcmul.c
		___flmul       		CODE           	05BA	0000	571

C:\XC8\pic\sources\c99\common\sprcmul.c estimated size: 571

main.c
		_main          		CODE           	0EE2	0000	286
		_ASCII_TH      		CODE           	0CC0	0000	73

main.c estimated size: 359

C:\XC8\pic\sources\c99\common\sprcdiv.c
		___fldiv       		CODE           	0208	0000	426

C:\XC8\pic\sources\c99\common\sprcdiv.c estimated size: 426

C:\XC8\pic\sources\c99\common\xxtofl.c
		___xxtofl      		CODE           	0E38	0000	170

C:\XC8\pic\sources\c99\common\xxtofl.c estimated size: 170

C:\XC8\pic\sources\c99\common\Umul8_16.c
		__Umul8_16     		CODE           	0C3D	0000	35

C:\XC8\pic\sources\c99\common\Umul8_16.c estimated size: 35

